Attendance logged on: Sat Aug  8 00:54:23 UTC 2026
Attendance logged on: Sun Aug  9 00:57:31 UTC 2026
Attendance logged on: Mon Aug 10 00:59:32 UTC 2026
Attendance logged on: Tue Aug 11 00:58:55 UTC 2026
Attendance logged on: Wed Aug 12 01:05:28 UTC 2026
Attendance logged on: Thu Aug 13 01:07:03 UTC 2026
Attendance logged on: Fri Aug 14 01:05:57 UTC 2026
Attendance logged on: Sat Aug 15 00:39:57 UTC 2026
Attendance logged on: Sun Aug 16 00:41:56 UTC 2026
Attendance logged on: Mon Aug 17 00:39:50 UTC 2026
Attendance logged on: Tue Aug 18 00:39:42 UTC 2026
Attendance logged on: Wed Aug 19 00:39:50 UTC 2026
Attendance logged on: Thu Aug 20 00:39:25 UTC 2026
Attendance logged on: Fri Aug 21 00:42:31 UTC 2026
Attendance logged on: Sat Aug 22 00:39:45 UTC 2026
Attendance logged on: Sun Aug 23 00:43:14 UTC 2026
Attendance logged on: Mon Aug 24 00:41:34 UTC 2026
Attendance logged on: Tue Aug 25 00:40:48 UTC 2026
Attendance logged on: Wed Aug 26 00:41:41 UTC 2026
Attendance logged on: Thu Aug 27 05:47:17 UTC 2026
Attendance logged on: Fri Aug 28 07:57:43 UTC 2026
Attendance logged on: Sat Aug 29 04:48:32 UTC 2026
Attendance logged on: Sun Aug 30 02:27:42 UTC 2026
Attendance logged on: Mon Aug 31 02:22:03 UTC 2026
Attendance logged on: Tue Sep  1 02:39:13 UTC 2026
Attendance logged on: Wed Sep  2 02:00:00 UTC 2026
Attendance logged on: Thu Sep  3 02:04:40 UTC 2026
Attendance logged on: Fri Sep  4 02:01:13 UTC 2026
Attendance logged on: Sat Sep  5 02:01:35 UTC 2026
Attendance logged on: Sun Sep  6 01:57:11 UTC 2026
Attendance logged on: Mon Sep  7 01:54:25 UTC 2026
Attendance logged on: Tue Sep  8 02:05:21 UTC 2026
Attendance logged on: Wed Sep  9 02:09:53 UTC 2026
Attendance logged on: Thu Sep 10 02:07:28 UTC 2026
Attendance logged on: Fri Sep 11 02:04:22 UTC 2026
Attendance logged on: Sat Sep 12 02:09:47 UTC 2026
Attendance logged on: Sun Sep 13 02:06:05 UTC 2026
Attendance logged on: Mon Sep 14 02:24:04 UTC 2026
Attendance logged on: Tue Sep 15 02:29:12 UTC 2026
Attendance logged on: Wed Sep 16 02:23:05 UTC 2026
Attendance logged on: Thu Sep 17 02:27:17 UTC 2026
Attendance logged on: Fri Sep 18 02:12:46 UTC 2026
Attendance logged on: Sat Sep 19 02:15:48 UTC 2026
Attendance logged on: Sun Sep 20 02:24:16 UTC 2026
Attendance logged on: Mon Sep 21 02:22:50 UTC 2026
Attendance logged on: Tue Sep 22 02:26:18 UTC 2026
Attendance logged on: Wed Sep 23 02:26:27 UTC 2026
Attendance logged on: Thu Sep 24 02:15:09 UTC 2026
Attendance logged on: Fri Sep 25 02:31:47 UTC 2026
Attendance logged on: Sat Sep 26 02:34:23 UTC 2026
Attendance logged on: Sun Sep 27 02:32:49 UTC 2026
Attendance logged on: Mon Sep 28 02:36:03 UTC 2026
Attendance logged on: Tue Sep 29 03:18:34 UTC 2026
Attendance logged on: Wed Sep 30 03:01:06 UTC 2026
Attendance logged on: Thu Oct  1 03:07:42 UTC 2026
Attendance logged on: Fri Oct  2 03:09:42 UTC 2026
Attendance logged on: Sat Oct  3 02:55:30 UTC 2026
Attendance logged on: Sun Oct  4 03:25:26 UTC 2026
Attendance logged on: Mon Oct  5 03:03:22 UTC 2026
